// Jest Snapshot v1, https://goo.gl/fbAQLP

exports[`indexed-access.js - {"trailingComma":"all"} format 1`] = `
====================================options=====================================
parsers: ["flow", "babel"]
printWidth: 80
trailingComma: "all"
                                                                                | printWidth
=====================================input======================================
const x: Obj['bar'] = 1;

=====================================output=====================================
const x: Obj["bar"] = 1;

================================================================================
`;
